// Jest Snapshot v1, https://goo.gl/fbAQLP

exports[`Component should render correctly in "debug" mode 1`] = `
<div>
  Dummy
</div>
`;
